// Jest Snapshot v1, https://goo.gl/fbAQLP

exports[`Pkm Details Tests should match snapshot <TopDetails /> 1`] = `
<View
  style={
    Array [
      Object {
        "padding": 20,
        "paddingBottom": 100,
      },
      Object {
        "backgroundColor": undefined,
      },
    ]
  }
  testID="top-details"
>
  <View
    style={
      Object {
        "flexDirection": "row",
        "justifyContent": "space-between",
      }
    }
  >
    <View>
      <Text
        style={
          Object {
            "color": "white",
            "fontSize": 16,
            "fontWeight": "bold",
          }
        }
        testID="pokedex-entry-number"
      >
        #032
      </Text>
      <Text
        style={
          Object {
            "fontSize": 32,
            "fontWeight": "bold",
          }
        }
        testID="pokemon-name"
      >
        pikachu
      </Text>
    </View>
    <View
      style={
        Object {
          "alignSelf": "flex-start",
          "flexDirection": "row",
        }
      }
    >
      <Text
        style={
          Object {
            "backgroundColor": "rgba(0, 0, 0, 0.1)",
            "borderRadius": 20,
            "color": "white",
            "marginHorizontal": 2.5,
            "paddingHorizontal": 10,
            "paddingVertical": 5,
          }
        }
        testID="pokemon-type"
      >
        electric
      </Text>
      <Text
        style={
          Object {
            "backgroundColor": "rgba(0, 0, 0, 0.1)",
            "borderRadius": 20,
            "color": "white",
            "marginHorizontal": 2.5,
            "paddingHorizontal": 10,
            "paddingVertical": 5,
          }
        }
        testID="pokemon-type"
      >
        normal
      </Text>
    </View>
  </View>
  <Image
    source={
      Object {
        "uri": "https://raw.githubusercontent.com/PokeAPI/sprites/master/sprites/pokemon/25.png",
      }
    }
    style={
      Object {
        "height": 120,
        "position": "absolute",
        "right": 0,
        "top": 50,
        "width": 120,
      }
    }
    testID="pokemon-image"
  />
</View>
`;
